******************************************************************************
                  TI ARM Linker PC v20.2.7                     
******************************************************************************
>> Linked Sun May 12 20:07:43 2024

OUTPUT FILE NAME:   <FinalProject-LIFI.out>
ENTRY POINT SYMBOL: "_c_int00_noargs"  address: 00000d55


MEMORY CONFIGURATION

         name            origin    length      used     unused   attr    fill
----------------------  --------  ---------  --------  --------  ----  --------
  FLASH                 00000000   00040000  00000e68  0003f198  R  X
  SRAM                  20000000   00008000  00000206  00007dfa  RW X


SEGMENT ALLOCATION MAP

run origin  load origin   length   init length attrs members
----------  ----------- ---------- ----------- ----- -------
00000000    00000000    00000e68   00000e68    r-x
  00000000    00000000    0000026c   0000026c    r-- .intvecs
  0000026c    0000026c    00000b60   00000b60    r-x .text
  00000dcc    00000dcc    0000006c   0000006c    r-- .const
  00000e38    00000e38    00000030   00000030    r-- .cinit
20000000    20000000    00000206   00000000    rw-
  20000000    20000000    00000200   00000000    rw- .stack
  20000200    20000200    00000005   00000000    rw- .bss
  20000205    20000205    00000001   00000000    rw- .data


SECTION ALLOCATION MAP

 output                                  attributes/
section   page    origin      length       input sections
--------  ----  ----------  ----------   ----------------
.intvecs   0    00000000    0000026c     
                  00000000    0000026c     tm4c123gh6pm_startup_ccs.obj (.intvecs)

.text      0    0000026c    00000b60     
                  0000026c    00000204     main.obj (.text)
                  00000470    000001a4     UART.obj (.text)
                  00000614    00000198     Buttons.obj (.text)
                  000007ac    00000188     UltraSonic.obj (.text)
                  00000934    00000118     driverlib.lib : sysctl.obj (.text:SysCtlClockGet)
                  00000a4c    0000009c     rtsv7M4_T_le_v4SPD16_eabi.lib : memcpy_t2.asm.obj (.text)
                  00000ae8    00000078     FumeSensor.obj (.text)
                  00000b60    00000078     MagenticSensor.obj (.text)
                  00000bd8    00000078     Systick_Functions.obj (.text)
                  00000c50    00000068     rtsv7M4_T_le_v4SPD16_eabi.lib : copy_decompress_lzss.c.obj (.text:decompress:lzss:__TI_decompress_lzss)
                  00000cb8    00000058     Transmitter.obj (.text)
                  00000d10    00000044     rtsv7M4_T_le_v4SPD16_eabi.lib : autoinit.c.obj (.text:__TI_auto_init_nobinit_nopinit:__TI_auto_init_nobinit_nopinit)
                  00000d54    00000034                                   : boot_cortex_m.c.obj (.text:_c_int00_noargs:_c_int00_noargs)
                  00000d88    0000001c                                   : copy_zero_init.c.obj (.text:decompress:ZI:__TI_zero_init_nomemset:__TI_zero_init_nomemset)
                  00000da4    0000000e                                   : copy_decompress_none.c.obj (.text:decompress:none:__TI_decompress_none)
                  00000db2    0000000c     tm4c123gh6pm_startup_ccs.obj (.text)
                  00000dbe    00000006     driverlib.lib : sysctl.obj (.text:SysCtlDelay)
                  00000dc4    00000004     rtsv7M4_T_le_v4SPD16_eabi.lib : pre_init.c.obj (.text:_system_pre_init)
                  00000dc8    00000004                                   : exit.c.obj (.text:abort:abort)

.const     0    00000dcc    0000006c     
                  00000dcc    0000006c     driverlib.lib : sysctl.obj (.const:g_pui32Xtals)

.cinit     0    00000e38    00000030     
                  00000e38    0000000c     (__TI_handler_table)
                  00000e44    00000004     --HOLE-- [fill = 0]
                  00000e48    00000008     (.cinit..bss.load) [load image, compression = zero_init]
                  00000e50    00000005     (.cinit..data.load) [load image, compression = lzss]
                  00000e55    00000003     --HOLE-- [fill = 0]
                  00000e58    00000010     (__TI_cinit_table)

.init_array 
*          0    00000000    00000000     UNINITIALIZED

.bss       0    20000200    00000005     UNINITIALIZED
                  20000200    00000004     (.common:g_distance)
                  20000204    00000001     (.common:flag)

.data      0    20000205    00000001     UNINITIALIZED
                  20000205    00000001     main.obj (.data)

.stack     0    20000000    00000200     UNINITIALIZED
                  20000000    00000004     rtsv7M4_T_le_v4SPD16_eabi.lib : boot_cortex_m.c.obj (.stack)
                  20000004    000001fc     --HOLE--

__llvm_prf_cnts 
*          0    20000000    00000000     UNINITIALIZED

MODULE SUMMARY

       Module                         code   ro data   rw data
       ------                         ----   -------   -------
    .\
       tm4c123gh6pm_startup_ccs.obj   12     620       0      
    +--+------------------------------+------+---------+---------+
       Total:                         12     620       0      
                                                              
    .\APP\
       main.obj                       516    0         1      
    +--+------------------------------+------+---------+---------+
       Total:                         516    0         1      
                                                              
    .\HAL\
       Buttons.obj                    408    0         1      
       UltraSonic.obj                 392    0         4      
       FumeSensor.obj                 120    0         0      
       MagenticSensor.obj             120    0         0      
       Transmitter.obj                88     0         0      
    +--+------------------------------+------+---------+---------+
       Total:                         1128   0         5      
                                                              
    .\MCAL\
       UART.obj                       420    0         0      
       Systick_Functions.obj          120    0         0      
    +--+------------------------------+------+---------+---------+
       Total:                         540    0         0      
                                                              
    C:/ti/TivaWare_C_Series-2.2.0.295/driverlib/ccs/Debug/driverlib.lib
       sysctl.obj                     286    108       0      
    +--+------------------------------+------+---------+---------+
       Total:                         286    108       0      
                                                              
    C:\ti\ccs1250\ccs\tools\compiler\ti-cgt-arm_20.2.7.LTS\lib\rtsv7M4_T_le_v4SPD16_eabi.lib
       memcpy_t2.asm.obj              156    0         0      
       copy_decompress_lzss.c.obj     104    0         0      
       autoinit.c.obj                 68     0         0      
       boot_cortex_m.c.obj            52     0         0      
       copy_zero_init.c.obj           28     0         0      
       copy_decompress_none.c.obj     14     0         0      
       exit.c.obj                     4      0         0      
       pre_init.c.obj                 4      0         0      
    +--+------------------------------+------+---------+---------+
       Total:                         430    0         0      
                                                              
       Stack:                         0      0         512    
       Linker Generated:              0      41        0      
    +--+------------------------------+------+---------+---------+
       Grand Total:                   2912   769       518    


LINKER GENERATED COPY TABLES

__TI_cinit_table @ 00000e58 records: 2, size/record: 8, table size: 16
	.bss: load addr=00000e48, load size=00000008 bytes, run addr=20000200, run size=00000005 bytes, compression=zero_init
	.data: load addr=00000e50, load size=00000005 bytes, run addr=20000205, run size=00000001 bytes, compression=lzss


LINKER GENERATED HANDLER TABLE

__TI_handler_table @ 00000e38 records: 3, size/record: 4, table size: 12
	index: 0, handler: __TI_decompress_lzss
	index: 1, handler: __TI_decompress_none
	index: 2, handler: __TI_zero_init


GLOBAL SYMBOLS: SORTED ALPHABETICALLY BY Name 

address   name                          
-------   ----                          
00000dc9  C$$EXIT                       
00000b2d  GasSensor_GetStatus           
00000ae9  GasSensor_Init                
00000721  Get_StartButton_Status        
00000615  ISR_PORTF                     
00000cb9  InfraTransmitter_Init         
00000b61  MagneticSensor_Init           
00000ba5  Magnetic_GetStatus            
000007ad  Measure_distance              
00000db3  ResetISR                      
000006dd  StartButton_Init              
00000653  StopButton_Init               
00000935  SysCtlClockGet                
00000dbf  SysCtlDelay                   
00000bd9  SysTick_Init                  
0000026d  SystickHandler                
00000c07  SystickPeriodGet              
00000c17  SystickPeriodSet              
00000bf3  SystickTickDisable            
00000bfb  SystickTickEnable             
00000c2f  SystickValueGet               
00000c35  Systick_Is_TimeOut            
000004b3  UART5_Init                    
000005a9  UART5_ReceiveData             
00000545  UART5_ReceiveString           
0000050f  UART5_RecieveByte             
000004f3  UART5_SendByte                
0000057d  UART5_SendData                
0000051f  UART5_SendString              
000008a1  UltraSonic_init               
20000200  __STACK_END                   
00000200  __STACK_SIZE                  
20000200  __STACK_TOP                   
00000e58  __TI_CINIT_Base               
00000e68  __TI_CINIT_Limit              
00000e38  __TI_Handler_Table_Base       
00000e44  __TI_Handler_Table_Limit      
00000d11  __TI_auto_init_nobinit_nopinit
00000c51  __TI_decompress_lzss          
00000da5  __TI_decompress_none          
ffffffff  __TI_pprof_out_hndl           
ffffffff  __TI_prof_data_size           
ffffffff  __TI_prof_data_start          
00000000  __TI_static_base__            
00000d89  __TI_zero_init_nomemset       
00000a4d  __aeabi_memcpy                
00000a4d  __aeabi_memcpy4               
00000a4d  __aeabi_memcpy8               
ffffffff  __binit__                     
ffffffff  __c_args__                    
UNDEFED   __mpu_init                    
20000000  __stack                       
20000000  __start___llvm_prf_cnts       
20000000  __stop___llvm_prf_cnts        
00000d55  _c_int00_noargs               
UNDEFED   _system_post_cinit            
00000dc5  _system_pre_init              
00000dc9  abort                         
ffffffff  binit                         
000003f3  delayMs                       
20000204  flag                          
20000205  g_counter                     
20000200  g_distance                    
00000000  g_pfnVectors                  
00000277  main                          
00000a4d  memcpy                        
00000827  ultraSonic_Setup_pins         


GLOBAL SYMBOLS: SORTED BY Symbol Address 

address   name                          
-------   ----                          
00000000  __TI_static_base__            
00000000  g_pfnVectors                  
00000200  __STACK_SIZE                  
0000026d  SystickHandler                
00000277  main                          
000003f3  delayMs                       
000004b3  UART5_Init                    
000004f3  UART5_SendByte                
0000050f  UART5_RecieveByte             
0000051f  UART5_SendString              
00000545  UART5_ReceiveString           
0000057d  UART5_SendData                
000005a9  UART5_ReceiveData             
00000615  ISR_PORTF                     
00000653  StopButton_Init               
000006dd  StartButton_Init              
00000721  Get_StartButton_Status        
000007ad  Measure_distance              
00000827  ultraSonic_Setup_pins         
000008a1  UltraSonic_init               
00000935  SysCtlClockGet                
00000a4d  __aeabi_memcpy                
00000a4d  __aeabi_memcpy4               
00000a4d  __aeabi_memcpy8               
00000a4d  memcpy                        
00000ae9  GasSensor_Init                
00000b2d  GasSensor_GetStatus           
00000b61  MagneticSensor_Init           
00000ba5  Magnetic_GetStatus            
00000bd9  SysTick_Init                  
00000bf3  SystickTickDisable            
00000bfb  SystickTickEnable             
00000c07  SystickPeriodGet              
00000c17  SystickPeriodSet              
00000c2f  SystickValueGet               
00000c35  Systick_Is_TimeOut            
00000c51  __TI_decompress_lzss          
00000cb9  InfraTransmitter_Init         
00000d11  __TI_auto_init_nobinit_nopinit
00000d55  _c_int00_noargs               
00000d89  __TI_zero_init_nomemset       
00000da5  __TI_decompress_none          
00000db3  ResetISR                      
00000dbf  SysCtlDelay                   
00000dc5  _system_pre_init              
00000dc9  C$$EXIT                       
00000dc9  abort                         
00000e38  __TI_Handler_Table_Base       
00000e44  __TI_Handler_Table_Limit      
00000e58  __TI_CINIT_Base               
00000e68  __TI_CINIT_Limit              
20000000  __stack                       
20000000  __start___llvm_prf_cnts       
20000000  __stop___llvm_prf_cnts        
20000200  __STACK_END                   
20000200  __STACK_TOP                   
20000200  g_distance                    
20000204  flag                          
20000205  g_counter                     
ffffffff  __TI_pprof_out_hndl           
ffffffff  __TI_prof_data_size           
ffffffff  __TI_prof_data_start          
ffffffff  __binit__                     
ffffffff  __c_args__                    
ffffffff  binit                         
UNDEFED   __mpu_init                    
UNDEFED   _system_post_cinit            

[67 symbols]
